// Jest Snapshot v1, https://goo.gl/fbAQLP

exports[`sample1.ts 1`] = `

File: sample1.ts
Source code:

  import styled from 'styled-components';
  
  const Button = styled.button\`
    color: red;
  \`;
  
  declare const nonStyled: any;
  
  const NonButton = nonStyled.button\`
    yo
  \`;
  
  const OtherButton = styled(Button)\`
    color: blue;
  \`;
  
  const SuperButton = Button.extend\`
    color: super;
  \`;
  
  export default styled.link\`
    color: black;
  \`;
  
  export const SmallButton = Button.extend\`
    font-size: .7em;
  \`;
  

TypeScript before transform:

  import styled from "styled-components";
  const Button = styled.button \`\\n  color: red;\\n\`;
  declare const nonStyled: any;
  const NonButton = nonStyled.button \`\\n  yo\\n\`;
  const OtherButton = styled(Button) \`\\n  color: blue;\\n\`;
  const SuperButton = Button.extend \`\\n  color: super;\\n\`;
  export default styled.link \`\\n  color: black;\\n\`;
  export const SmallButton = Button.extend \`\\n  font-size: .7em;\\n\`;
  

TypeScript after transform:

  import styled from "styled-components";
  const Button = styled.button \`\\n  color: red;\\n\`;
  declare const nonStyled: any;
  const NonButton = nonStyled.button \`\\n  yo\\n\`;
  const OtherButton = styled(Button) \`\\n  color: blue;\\n\`;
  const SuperButton = Button.extend \`\\n  color: super;\\n\`;
  export default styled.link \`\\n  color: black;\\n\`;
  export const SmallButton = Button.extend \`\\n  font-size: .7em;\\n\`;
  


`;
