// Jest Snapshot v1, https://goo.gl/fbAQLP

exports[`sample1.ts 1`] = `

File: sample1.ts
Source code:

  import styled from 'styled-components';
  
  const Button = styled.button\`
    color: red;
  \`;
  
  declare const nonStyled: any;
  
  const NonButton = nonStyled.button\`
    yo
  \`;
  
  const OtherButton = styled(Button)\`
    color: blue;
  \`;
  
  const SuperButton = Button.extend\`
    color: super;
  \`;
  
  export default styled.link\`
    color: black;
  \`;
  
  export const SmallButton = Button.extend\`
    font-size: .7em;
  \`;
  
  const MiniButton = styled(SmallButton).attrs({ size: 'mini' })\`
    font-size: .1em;
  \`;
  

TypeScript before transform:

  import styled from "styled-components";
  const Button = styled.button \`
    color: red;
  \`;
  declare const nonStyled: any;
  const NonButton = nonStyled.button \`
    yo
  \`;
  const OtherButton = styled(Button) \`
    color: blue;
  \`;
  const SuperButton = Button.extend \`
    color: super;
  \`;
  export default styled.link \`
    color: black;
  \`;
  export const SmallButton = Button.extend \`
    font-size: .7em;
  \`;
  const MiniButton = styled(SmallButton).attrs({ size: "mini" }) \`
    font-size: .1em;
  \`;
  

TypeScript after transform:

  import styled from 'styled-components';
  const Button = styled.button.withConfig({ displayName: "Button", componentId: "sc-1okqsxw" }) \`
    color: red;
  \`;
  declare const nonStyled: any;
  const NonButton = nonStyled.button \`
    yo
  \`;
  const OtherButton = styled(Button).withConfig({ displayName: "OtherButton", componentId: "sc-ce0fkl" }) \`
    color: blue;
  \`;
  const SuperButton = Button.extend.withConfig({ displayName: "SuperButton", componentId: "sc-10xv1bi" }) \`
    color: super;
  \`;
  export default styled.link \`
    color: black;
  \`;
  export const SmallButton = Button.extend.withConfig({ displayName: "SmallButton", componentId: "sc-8sh5f7" }) \`
    font-size: .7em;
  \`;
  const MiniButton = styled(SmallButton).attrs({ size: "mini" }).withConfig({ displayName: "MiniButton", componentId: "sc-v7haos" }) \`
    font-size: .1em;
  \`;
  


`;
