// Jest Snapshot v1, https://goo.gl/fbAQLP

exports[`sample3.tsx 1`] = `

File: sample3.tsx
Source code:

  import * as React from 'react';
  import styled from '../themed-styled';
  import { SmallButton } from './sample1';
  
  interface LabelProps {
      size: number;
  }
  
  const CustomLabel = styled.label\`
      font-size: \${(props: LabelProps) => props.size + 'px'}
  \`;
  
  const LabeledLink = () => <SmallButton />;
  
  export default CustomLabel;
  

TypeScript before transform:

  import * as React from 'react';
  import styled from '../themed-styled';
  import { SmallButton } from './sample1';
  interface LabelProps {
      size: number;
  }
  const CustomLabel = styled.label \`
      font-size: \${(props: LabelProps) => props.size + 'px'}
  \`;
  const LabeledLink = () => <SmallButton />;
  export default CustomLabel;
  

TypeScript after transform:

  import * as React from 'react';
  import styled from '../themed-styled';
  import { SmallButton } from './sample1';
  interface LabelProps {
      size: number;
  }
  const CustomLabel = styled.label.withConfig({ displayName: "CustomLabel", componentId: "sc-1ydgk9x" }) \`
      font-size: \${(props: LabelProps) => props.size + 'px'}
  \`;
  const LabeledLink = () => <SmallButton />;
  export default CustomLabel;
  

TypeScript after transpile module:

  import styled from '../themed-styled';
  const CustomLabel = styled.label.withConfig({ displayName: "CustomLabel", componentId: "sc-xc3x4h" }) \`
      font-size: \${(props) => props.size + 'px'}
  \`;
  const LabeledLink = () => />;;
  export default CustomLabel;
  


`;
