// Jest Snapshot v1, https://goo.gl/fbAQLP

exports[`style-objects.ts 1`] = `

File: style-objects.ts
Source code:

  declare const styled: any;
  
  const Button = styled.button({
    color: 'red'
  });
  
  declare const nonStyled: any;
  
  const NonButton = nonStyled.button({
    color: 'red'
  });
  
  const OtherButton = styled(Button)({
    color: 'blue'
  });
  
  const SuperButton = Button.extend({
    color: 'super'
  });
  
  export default styled.link({
    color: 'black'
  });
  
  export const SmallButton = Button.extend({
    fontSize: '.7em'
  });
  
  const MiniButton = styled(SmallButton).attrs({ size: 'mini' })({
    fontSize: '.1em'
  });
  

TypeScript before transform:

  declare const styled: any;
  const Button = styled.button({
      color: 'red'
  });
  declare const nonStyled: any;
  const NonButton = nonStyled.button({
      color: 'red'
  });
  const OtherButton = styled(Button)({
      color: 'blue'
  });
  const SuperButton = Button.extend({
      color: 'super'
  });
  export default styled.link({
      color: 'black'
  });
  export const SmallButton = Button.extend({
      fontSize: '.7em'
  });
  const MiniButton = styled(SmallButton).attrs({ size: 'mini' })({
      fontSize: '.1em'
  });
  

TypeScript after transform:

  declare const styled: any;
  const Button = styled.button.withConfig({ displayName: "Button", componentId: "sc-7b7p9e" })({
      color: 'red'
  });
  declare const nonStyled: any;
  const NonButton = nonStyled.button({
      color: 'red'
  });
  const OtherButton = styled(Button).withConfig({ displayName: "OtherButton", componentId: "sc-14ah7t" })({
      color: 'blue'
  });
  const SuperButton = Button.extend({
      color: 'super'
  });
  export default styled.link.withConfig({ componentId: "sc-8xjslt" })({
      color: 'black'
  });
  export const SmallButton = Button.extend({
      fontSize: '.7em'
  });
  const MiniButton = styled(SmallButton).attrs({ size: 'mini' }).withConfig({ displayName: "MiniButton", componentId: "sc-ad4g7l" })({
      fontSize: '.1em'
  });
  

TypeScript after transpile module:

  const Button = styled.button.withConfig({ displayName: "Button", componentId: "sc-13dat8f" })({
      color: 'red'
  });
  const NonButton = nonStyled.button({
      color: 'red'
  });
  const OtherButton = styled(Button).withConfig({ displayName: "OtherButton", componentId: "sc-1pbo6g5" })({
      color: 'blue'
  });
  const SuperButton = Button.extend({
      color: 'super'
  });
  export default styled.link.withConfig({ componentId: "sc-ep20on" })({
      color: 'black'
  });
  export const SmallButton = Button.extend({
      fontSize: '.7em'
  });
  const MiniButton = styled(SmallButton).attrs({ size: 'mini' }).withConfig({ displayName: "MiniButton", componentId: "sc-1cgykmr" })({
      fontSize: '.1em'
  });
  


`;
