// Jest Snapshot v1, https://goo.gl/fbAQLP

exports[`issue33.ts 1`] = `

File: issue33.ts
Source code:

  declare const styled: any;
  declare const $: any;
  declare const jQuery: any;
  declare const _: any;
  
  declare const Button: any;
  
  const Button1 = Button.extend\` color: red \`;
  
  const Button2 = $.extend\` color: red \`;
  const Button3 = jQuery.extend\` color: red \`;
  const Button4 = _.extend\` color: red \`;
  

TypeScript before transform:

  declare const styled: any;
  declare const $: any;
  declare const jQuery: any;
  declare const _: any;
  declare const Button: any;
  const Button1 = Button.extend \` color: red \`;
  const Button2 = $.extend \` color: red \`;
  const Button3 = jQuery.extend \` color: red \`;
  const Button4 = _.extend \` color: red \`;
  

TypeScript after transform:

  declare const styled: any;
  declare const $: any;
  declare const jQuery: any;
  declare const _: any;
  declare const Button: any;
  const Button1 = Button.extend.withConfig({ displayName: "Button1" }) \` color: red \`;
  const Button2 = $.extend \` color: red \`;
  const Button3 = jQuery.extend \` color: red \`;
  const Button4 = _.extend \` color: red \`;
  


`;
