// Jest Snapshot v1, https://goo.gl/fbAQLP

exports[`sample3.tsx 1`] = `

File: sample3.tsx
Source code:

  import * as React from 'react';
  import styled from '../../themed-styled';
  import { SmallButton } from './sample1';
  
  interface LabelProps {
      size: number;
  }
  
  const CustomLabel = styled.label<LabelProps>\`
      font-size: \${props => props.size}px;
      color: \${props => props.theme.color};
  \`;
  
  const LabeledLink = () => <SmallButton />;
  
  export default CustomLabel;
  

TypeScript before transform:

  import * as React from "react";
  import styled from "../../themed-styled";
  import { SmallButton } from "./sample1";
  interface LabelProps {
      size: number;
  }
  const CustomLabel = styled.label<LabelProps> \`
      font-size: \${props => props.size}px;
      color: \${props => props.theme.color};
  \`;
  const LabeledLink = () => <SmallButton />;
  export default CustomLabel;
  

TypeScript after transform:

  import * as React from 'react';
  import styled from '../../themed-styled';
  import { SmallButton } from './sample1';
  interface LabelProps {
      size: number;
  }
  const CustomLabel = styled.label.withConfig({ displayName: "CustomLabel" })<LabelProps> \`
      font-size: \${props => props.size}px;
      color: \${props => props.theme.color};
  \`;
  const LabeledLink = () => <SmallButton />;
  export default CustomLabel;
  


`;
