// Jest Snapshot v1, https://goo.gl/fbAQLP

exports[`issue233.tsx 1`] = `

File: issue233.tsx
Source code:

  declare const styled: any;
  
  const ValueCalc = styled.div\`
    height: calc(var(--line-height) - 5px);
    width: calc(100% - 5px);
  \`;
  

TypeScript before transform:

  declare const styled: any;
  const ValueCalc = styled.div \`
    height: calc(var(--line-height) - 5px);
    width: calc(100% - 5px);
  \`;
  

TypeScript after transform:

  declare const styled: any;
  const ValueCalc = styled.div.withConfig({ displayName: "ValueCalc" }) \`height:calc(var(--line-height) - 5px);width:calc(100% - 5px);\`;
  


`;
