// Jest Snapshot v1, https://goo.gl/fbAQLP

exports[`issue36-extended.ts 1`] = `

File: issue36-extended.ts
Source code:

  declare const styled: any;
  
  export const A = styled.div\`
    border: \${'solid'} 10px;
  \`
  
  styled.div\`
    border: \${'solid'}// comment here
  10px;
    border: solid// comment here
  10px;
  \`
  
  styled.div\`
    border: \${'solid'}/* comment here
  */10px;
    border: \${'solid'}/* comment here
  */ 10px;
  \`
  

TypeScript before transform:

  declare const styled: any;
  export const A = styled.div \`
    border: \${'solid'} 10px;
  \`;
  styled.div \`
    border: \${'solid'}// comment here
  10px;
    border: solid// comment here
  10px;
  \`;
  styled.div \`
    border: \${'solid'}/* comment here
  */10px;
    border: \${'solid'}/* comment here
  */ 10px;
  \`;
  

TypeScript after transform:

  declare const styled: any;
  export const A = styled.div.withConfig({ displayName: "A" }) \`border:\${'solid'} 10px;\`;
  styled.div \`border:\${'solid'} 10px;border:solid 10px;\`;
  styled.div \`border:\${'solid'} 10px;border:\${'solid'} 10px;\`;
  

TypeScript after transpile module:

  export const A = styled.div.withConfig({ displayName: "A" }) \`border:\${'solid'} 10px;\`;
  styled.div \`border:\${'solid'} 10px;border:solid 10px;\`;
  styled.div \`border:\${'solid'} 10px;border:\${'solid'} 10px;\`;
  


`;
