// Jest Snapshot v1, https://goo.gl/fbAQLP

exports[`minify-css-in-helpers.ts 1`] = `

File: minify-css-in-helpers.ts
Source code:

  declare const keyframes: any;
  declare const css: any;
  
  declare const theColor: any;
  
  const key = keyframes\`
    to {
      transform: rotate(360deg);
    }
  \`;
  
  const color = css\`
    color: \${theColor};
  \`;
  
  export {};
  

TypeScript before transform:

  declare const keyframes: any;
  declare const css: any;
  declare const theColor: any;
  const key = keyframes \`\\n  to {\\n    transform: rotate(360deg);\\n  }\\n\`;
  const color = css \`\\n  color: \${theColor};\\n\`;
  export {};
  

TypeScript after transform:

  declare const keyframes: any;
  declare const css: any;
  declare const theColor: any;
  const key = keyframes \`
    to {
      transform: rotate(360deg);
    }
  \`;
  const color = css \`
    color: \${theColor};
  \`;
  export {};
  


`;
