// Jest Snapshot v1, https://goo.gl/fbAQLP

exports[`multiple-components.tsx 1`] = `

File: multiple-components.tsx
Source code:

  import styled from 'styled-components';
  
  export function createButtons() {
      const A = styled.button\` color: red; \`;
      const B = styled(A)\` color: blue; \`;
  
      return { A, B };
  }
  
  export function createDivs() {
      const A = styled.div\` color: green; \`;
      const B = styled(A)\` color: yellow; \`;
  
      return { A, B };
  }
  

TypeScript before transform:

  import styled from 'styled-components';
  export function createButtons() {
      const A = styled.button \` color: red; \`;
      const B = styled(A) \` color: blue; \`;
      return { A, B };
  }
  export function createDivs() {
      const A = styled.div \` color: green; \`;
      const B = styled(A) \` color: yellow; \`;
      return { A, B };
  }
  

TypeScript after transform:

  import styled from 'styled-components';
  export function createButtons() {
      const A = styled.button.withConfig({ displayName: "test-A", componentId: "test-h2cmto" }) \` color: red; \`;
      const B = styled(A).withConfig({ displayName: "test-B", componentId: "test-3cja5" }) \` color: blue; \`;
      return { A, B };
  }
  export function createDivs() {
      const A = styled.div.withConfig({ displayName: "test-A", componentId: "test-1oubriv" }) \` color: green; \`;
      const B = styled(A).withConfig({ displayName: "test-B", componentId: "test-lfixbl" }) \` color: yellow; \`;
      return { A, B };
  }
  

TypeScript after transpile module:

  import styled from 'styled-components';
  export function createButtons() {
      const A = styled.button.withConfig({ displayName: "test-A", componentId: "test-1lfj0gb" }) \` color: red; \`;
      const B = styled(A).withConfig({ displayName: "test-B", componentId: "test-kjhsv6" }) \` color: blue; \`;
      return { A, B };
  }
  export function createDivs() {
      const A = styled.div.withConfig({ displayName: "test-A", componentId: "test-wzcq75" }) \` color: green; \`;
      const B = styled(A).withConfig({ displayName: "test-B", componentId: "test-6zek9o" }) \` color: yellow; \`;
      return { A, B };
  }
  


`;
